// Jest Snapshot v1, https://goo.gl/fbAQLP

exports[`Registry Url Input should correctly render the component 1`] = `
<form
  className="pf-c-form"
  noValidate={true}
>
  <div
    className="pf-c-form__group"
    style={
      Object {
        "gridTemplateColumns": "80px",
        "minHeight": "65px",
      }
    }
  >
    <div
      className="pf-c-form__group-label"
    >
      <label
        className="pf-c-form__label"
        htmlFor="id-registry-helper"
      >
        <span
          className="pf-c-form__label-text"
        >
          Registry
        </span>
        <span
          aria-hidden="true"
          className="pf-c-form__label-required"
        >
           
          *
        </span>
      </label>
       
    </div>
    <div
      className="pf-c-form__group-control"
    >
      <span
        className="pf-c-input-group__text"
      >
        <input
          aria-invalid={false}
          aria-label="Url input"
          className="pf-c-form-control"
          disabled={false}
          onBlur={[Function]}
          onChange={[Function]}
          onFocus={[Function]}
          placeholder="Enter a registry"
          readOnly={false}
          required={false}
          type="url"
          value="https://ttt"
        />
        <button
          aria-disabled={true}
          aria-label="open registry"
          className="pf-c-button pf-m-link pf-m-disabled"
          data-ouia-component-id="OUIA-Generated-Button-link-2"
          data-ouia-component-type="PF4/Button"
          data-ouia-safe={true}
          disabled={true}
          role={null}
          tabIndex={null}
          type="button"
        >
          <a
            href="https://ttt"
            rel="noreferrer"
            style={
              Object {
                "color": "inherit",
              }
            }
            target="_blank"
          >
            <svg
              aria-hidden={true}
              aria-labelledby={null}
              fill="currentColor"
              height="1em"
              role="img"
              style={
                Object {
                  "verticalAlign": "-0.125em",
                }
              }
              viewBox="0 0 512 512"
              width="1em"
            >
              <path
                d="M432,320H400a16,16,0,0,0-16,16V448H64V128H208a16,16,0,0,0,16-16V80a16,16,0,0,0-16-16H48A48,48,0,0,0,0,112V464a48,48,0,0,0,48,48H400a48,48,0,0,0,48-48V336A16,16,0,0,0,432,320ZM488,0h-128c-21.37,0-32.05,25.91-17,41l35.73,35.73L135,320.37a24,24,0,0,0,0,34L157.67,377a24,24,0,0,0,34,0L435.28,133.32,471,169c15,15,41,4.5,41-17V24A24,24,0,0,0,488,0Z"
              />
            </svg>
          </a>
        </button>
      </span>
      
    </div>
  </div>
</form>
`;
