// Jest Snapshot v1, https://goo.gl/fbAQLP

exports[`Page header should correctly render the component 1`] = `
<header
  className="pf-c-page__header"
  style={
    Object {
      "zIndex": "inherit",
    }
  }
>
  <div
    className="pf-c-page__header-brand"
  >
    <div
      className="pf-c-page__header-brand-toggle"
    >
      <button
        aria-controls={null}
        aria-disabled={false}
        aria-expanded="true"
        aria-label="Global navigation"
        className="pf-c-button pf-m-plain"
        data-ouia-component-id="OUIA-Generated-Button-plain-1"
        data-ouia-component-type="PF4/Button"
        data-ouia-safe={true}
        disabled={false}
        id="nav-toggle"
        onClick={[Function]}
        role={null}
        type="button"
      >
        <svg
          aria-hidden={true}
          aria-labelledby={null}
          fill="currentColor"
          height="1em"
          role="img"
          style={
            Object {
              "verticalAlign": "-0.125em",
            }
          }
          viewBox="0 0 448 512"
          width="1em"
        >
          <path
            d="M16 132h416c8.837 0 16-7.163 16-16V76c0-8.837-7.163-16-16-16H16C7.163 60 0 67.163 0 76v40c0 8.837 7.163 16 16 16zm0 160h416c8.837 0 16-7.163 16-16v-40c0-8.837-7.163-16-16-16H16c-8.837 0-16 7.163-16 16v40c0 8.837 7.163 16 16 16zm0 160h416c8.837 0 16-7.163 16-16v-40c0-8.837-7.163-16-16-16H16c-8.837 0-16 7.163-16 16v40c0 8.837 7.163 16 16 16z"
          />
        </svg>
      </button>
    </div>
    <div
      className="pf-c-page__header-brand-link"
    >
      <img
        alt="Logo"
        className="pf-c-brand"
        src="branding/logo"
      />
    </div>
  </div>
  <button
    onClick={[Function]}
  >
    logout
  </button>
  <button
    onClick={[Function]}
  >
    change theme
  </button>
</header>
`;
