// Jest Snapshot v1, https://goo.gl/fbAQLP

exports[`UserPreferences snapshot 1`] = `
[
  <section
    className="pf-c-page__main-section pf-m-light"
  >
    <h1
      className="pf-c-title pf-m-2xl"
      data-ouia-component-id="OUIA-Generated-Title-1"
      data-ouia-component-type="PF4/Title"
      data-ouia-safe={true}
    >
      User Preferences
    </h1>
  </section>,
  <div
    className="pf-c-tabs"
    data-ouia-component-id="OUIA-Generated-Tabs-1"
    data-ouia-component-type="PF4/Tabs"
    data-ouia-safe={true}
    id="user-preferences-tabs"
    onSelect={[Function]}
    style={
      {
        "backgroundColor": "var(--pf-global--BackgroundColor--100)",
      }
    }
  >
    <ul
      className="pf-c-tabs__list"
      onScroll={[Function]}
      role="tablist"
    >
      <li
        className="pf-c-tabs__item pf-m-current"
        role="presentation"
      >
        <button
          aria-controls="pf-tab-section-ContainerRegistries-user-preferences-tabs"
          aria-selected={true}
          className="pf-c-tabs__link"
          data-ouia-component-type="PF4/TabButton"
          data-ouia-safe={true}
          id="pf-tab-ContainerRegistries-user-preferences-tabs"
          onClick={[Function]}
          role="tab"
          type="button"
        >
          Container Registries
        </button>
      </li>
      <li
        className="pf-c-tabs__item"
        role="presentation"
      >
        <button
          aria-selected={false}
          className="pf-c-tabs__link"
          data-ouia-component-type="PF4/TabButton"
          data-ouia-safe={true}
          id="pf-tab-GitServices-user-preferences-tabs"
          onClick={[Function]}
          role="tab"
          type="button"
        >
          Git Services
        </button>
      </li>
      <li
        className="pf-c-tabs__item"
        role="presentation"
      >
        <button
          aria-selected={false}
          className="pf-c-tabs__link"
          data-ouia-component-type="PF4/TabButton"
          data-ouia-safe={true}
          id="pf-tab-PersonalAccessTokens-user-preferences-tabs"
          onClick={[Function]}
          role="tab"
          type="button"
        >
          Personal Access Tokens
        </button>
      </li>
      <li
        className="pf-c-tabs__item"
        role="presentation"
      >
        <button
          aria-selected={false}
          className="pf-c-tabs__link"
          data-ouia-component-type="PF4/TabButton"
          data-ouia-safe={true}
          id="pf-tab-Gitconfig-user-preferences-tabs"
          onClick={[Function]}
          role="tab"
          type="button"
        >
          Gitconfig
        </button>
      </li>
      <li
        className="pf-c-tabs__item"
        role="presentation"
      >
        <button
          aria-selected={false}
          className="pf-c-tabs__link"
          data-ouia-component-type="PF4/TabButton"
          data-ouia-safe={true}
          id="pf-tab-SshKeys-user-preferences-tabs"
          onClick={[Function]}
          role="tab"
          type="button"
        >
          SSH Keys
        </button>
      </li>
    </ul>
  </div>,
  <section
    aria-labelledby="pf-tab-ContainerRegistries-user-preferences-tabs"
    className="pf-c-tab-content"
    data-ouia-component-type="PF4/TabContent"
    data-ouia-safe={true}
    hidden={false}
    id="pf-tab-section-ContainerRegistries-user-preferences-tabs"
    role="tabpanel"
    tabIndex={0}
  >
    <div>
      ContainerRegistries
    </div>
  </section>,
]
`;
