// Jest Snapshot v1, https://goo.gl/fbAQLP

exports[`Registry Password Input should correctly render the component 1`] = `
<form
  className="pf-c-form"
  noValidate={true}
>
  <div
    className="pf-c-form__group"
    style={
      Object {
        "gridTemplateColumns": "80px",
        "minHeight": "65px",
      }
    }
  >
    <div
      className="pf-c-form__group-label"
    >
      <label
        className="pf-c-form__label"
        htmlFor="id-password-helper"
      >
        <span
          className="pf-c-form__label-text"
        >
          Password
        </span>
        <span
          aria-hidden="true"
          className="pf-c-form__label-required"
        >
           
          *
        </span>
      </label>
       
    </div>
    <div
      className="pf-c-form__group-control"
    >
      <span
        className="pf-c-input-group__text"
      >
        <input
          aria-invalid={false}
          aria-label="Password input"
          className="pf-c-form-control"
          data-testid="registry-password-input"
          disabled={false}
          onBlur={[Function]}
          onChange={[Function]}
          onFocus={[Function]}
          placeholder="Enter a password"
          readOnly={false}
          required={false}
          type="password"
          value="*ttt#"
        />
        <button
          aria-disabled={false}
          aria-label="show"
          className="pf-c-button pf-m-control"
          data-ouia-component-id="OUIA-Generated-Button-control-2"
          data-ouia-component-type="PF4/Button"
          data-ouia-safe={true}
          disabled={false}
          onClick={[Function]}
          role={null}
          type="button"
        >
          <svg
            aria-hidden={true}
            aria-labelledby={null}
            fill="currentColor"
            height="1em"
            role="img"
            style={
              Object {
                "verticalAlign": "-0.125em",
              }
            }
            viewBox="0 0 640 512"
            width="1em"
          >
            <path
              d="M320 400c-75.85 0-137.25-58.71-142.9-133.11L72.2 185.82c-13.79 17.3-26.48 35.59-36.72 55.59a32.35 32.35 0 0 0 0 29.19C89.71 376.41 197.07 448 320 448c26.91 0 52.87-4 77.89-10.46L346 397.39a144.13 144.13 0 0 1-26 2.61zm313.82 58.1l-110.55-85.44a331.25 331.25 0 0 0 81.25-102.07 32.35 32.35 0 0 0 0-29.19C550.29 135.59 442.93 64 320 64a308.15 308.15 0 0 0-147.32 37.7L45.46 3.37A16 16 0 0 0 23 6.18L3.37 31.45A16 16 0 0 0 6.18 53.9l588.36 454.73a16 16 0 0 0 22.46-2.81l19.64-25.27a16 16 0 0 0-2.82-22.45zm-183.72-142l-39.3-30.38A94.75 94.75 0 0 0 416 256a94.76 94.76 0 0 0-121.31-92.21A47.65 47.65 0 0 1 304 192a46.64 46.64 0 0 1-1.54 10l-73.61-56.89A142.31 142.31 0 0 1 320 112a143.92 143.92 0 0 1 144 144c0 21.63-5.29 41.79-13.9 60.11z"
            />
          </svg>
        </button>
      </span>
      
    </div>
  </div>
</form>
`;
