// Jest Snapshot v1, https://goo.gl/fbAQLP

exports[`Registry Username Input should correctly render the component 1`] = `
<form
  className="pf-c-form"
  noValidate={true}
>
  <div
    className="pf-c-form__group"
    style={
      Object {
        "gridTemplateColumns": "80px",
        "minHeight": "65px",
      }
    }
  >
    <div
      className="pf-c-form__group-label"
    >
      <label
        className="pf-c-form__label"
        htmlFor="id-username-helper"
      >
        <span
          className="pf-c-form__label-text"
        >
          Username
        </span>
      </label>
       
    </div>
    <div
      className="pf-c-form__group-control"
    >
      <input
        aria-invalid={false}
        aria-label="Username input"
        className="pf-c-form-control"
        disabled={false}
        onBlur={[Function]}
        onChange={[Function]}
        onFocus={[Function]}
        placeholder="Enter a username"
        readOnly={false}
        required={false}
        type="text"
        value="Attt"
      />
      
    </div>
  </div>
</form>
`;
