{
  parts: [
    {
      range: {
        start: 0,
        endExclusive: 26
      },
      editorRange: {
        startLineNumber: 1,
        startColumn: 1,
        endLineNumber: 1,
        endColumn: 27
      },
      text: "What does #selection mean?"
    }
  ],
  text: "What does #selection mean?"
}