// Jest Snapshot v1, https://goo.gl/fbAQLP

exports[`Page header tools should correctly render the component 1`] = `
<div
  className="pf-c-page__header-tools"
>
  <div
    className="pf-c-page__header-tools-group"
  >
    <div
      className="pf-c-page__header-tools-item"
    >
      <nav
        aria-label="About Menu"
        className="pf-c-app-launcher pf-m-align-right"
        data-ouia-component-type="PF4/ApplicationLauncher"
        data-ouia-safe={true}
      >
        <button
          aria-expanded={false}
          aria-haspopup={true}
          aria-label="About Menu"
          className="pf-c-app-launcher__toggle"
          data-ouia-component-id="OUIA-Generated-DropdownToggle-1"
          data-ouia-component-type="PF4/DropdownToggle"
          data-ouia-safe={true}
          disabled={false}
          id="pf-dropdown-toggle-id-0"
          onClick={[Function]}
          onKeyDown={[Function]}
          type="button"
        >
          <span
            className={null}
          >
            <svg
              alt="About Menu Icon"
              aria-hidden={true}
              aria-labelledby={null}
              fill="currentColor"
              height="1em"
              role="img"
              style={
                Object {
                  "verticalAlign": "-0.125em",
                }
              }
              viewBox="0 0 512 512"
              width="1em"
            >
              <path
                d="M504 256c0 136.997-111.043 248-248 248S8 392.997 8 256C8 119.083 119.043 8 256 8s248 111.083 248 248zM262.655 90c-54.497 0-89.255 22.957-116.549 63.758-3.536 5.286-2.353 12.415 2.715 16.258l34.699 26.31c5.205 3.947 12.621 3.008 16.665-2.122 17.864-22.658 30.113-35.797 57.303-35.797 20.429 0 45.698 13.148 45.698 32.958 0 14.976-12.363 22.667-32.534 33.976C247.128 238.528 216 254.941 216 296v4c0 6.627 5.373 12 12 12h56c6.627 0 12-5.373 12-12v-1.333c0-28.462 83.186-29.647 83.186-106.667 0-58.002-60.165-102-116.531-102zM256 338c-25.365 0-46 20.635-46 46 0 25.364 20.635 46 46 46s46-20.636 46-46c0-25.365-20.635-46-46-46z"
              />
            </svg>
          </span>
        </button>
      </nav>
    </div>
    <div
      className="pf-c-page__header-tools-item"
    >
      <div
        className="pf-c-dropdown pf-m-align-right"
        data-ouia-component-id="OUIA-Generated-Dropdown-1"
        data-ouia-component-type="PF4/Dropdown"
        data-ouia-safe={true}
      >
        <button
          aria-expanded={false}
          aria-haspopup={true}
          className="pf-c-dropdown__toggle pf-m-plain"
          data-ouia-component-id="OUIA-Generated-DropdownToggle-2"
          data-ouia-component-type="PF4/DropdownToggle"
          data-ouia-safe={true}
          disabled={false}
          id="pf-dropdown-toggle-id-1"
          onClick={[Function]}
          onKeyDown={[Function]}
          type="button"
        >
          <span
            className="pf-c-dropdown__toggle-text"
          >
            John Doe
          </span>
          <span
            className="pf-c-dropdown__toggle-icon"
          >
            <svg
              aria-hidden={true}
              aria-labelledby={null}
              fill="currentColor"
              height="1em"
              role="img"
              style={
                Object {
                  "verticalAlign": "-0.125em",
                }
              }
              viewBox="0 0 320 512"
              width="1em"
            >
              <path
                d="M31.3 192h257.3c17.8 0 26.7 21.5 14.1 34.1L174.1 354.8c-7.8 7.8-20.5 7.8-28.3 0L17.2 226.1C4.6 213.5 13.5 192 31.3 192z"
              />
            </svg>
          </span>
        </button>
      </div>
    </div>
  </div>
  <img
    alt="Avatar image"
    className="pf-c-avatar"
    src="avatar/source/location"
  />
</div>
`;
