// Jest Snapshot v1, https://goo.gl/fbAQLP

exports[`Error boundary should catch an error thrown inside a component 1`] = `
<section
  className="pf-c-page__main-section pf-m-light pf-m-fill"
>
  <div
    aria-label="Danger Alert"
    className="pf-c-alert pf-m-inline pf-m-danger"
    data-ouia-component-id="OUIA-Generated-Alert-danger-1"
    data-ouia-component-type="PF4/Alert"
    data-ouia-safe={true}
    onMouseEnter={[Function]}
    onMouseLeave={[Function]}
  >
    <div
      className="pf-c-alert__icon"
    >
      <svg
        aria-hidden={true}
        aria-labelledby={null}
        fill="currentColor"
        height="1em"
        role="img"
        style={
          Object {
            "verticalAlign": "-0.125em",
          }
        }
        viewBox="0 0 512 512"
        width="1em"
      >
        <path
          d="M504 256c0 136.997-111.043 248-248 248S8 392.997 8 256C8 119.083 119.043 8 256 8s248 111.083 248 248zm-248 50c-25.405 0-46 20.595-46 46s20.595 46 46 46 46-20.595 46-46-20.595-46-46-46zm-43.673-165.346l7.418 136c.347 6.364 5.609 11.346 11.982 11.346h48.546c6.373 0 11.635-4.982 11.982-11.346l7.418-136c.375-6.874-5.098-12.654-11.982-12.654h-63.383c-6.884 0-12.356 5.78-11.981 12.654z"
        />
      </svg>
    </div>
    <h4
      className="pf-c-alert__title"
    >
      <span
        className="pf-u-screen-reader"
      >
        Danger alert:
      </span>
      Error: Uncaught exception
    </h4>
    <div
      className="pf-c-alert__action-group"
    >
      <button
        aria-disabled={false}
        aria-label={null}
        className="pf-c-button pf-m-link pf-m-inline"
        data-ouia-component-id="OUIA-Generated-Button-link-1"
        data-ouia-component-type="PF4/Button"
        data-ouia-safe={true}
        disabled={false}
        onClick={[Function]}
        role={null}
        type="button"
      >
        View stack
      </button>
    </div>
  </div>
</section>
`;

exports[`Error boundary should render a correctly working component 1`] = `
<span>
  component
</span>
`;
