// Jest Snapshot v1, https://goo.gl/fbAQLP

exports[`GitConfig snapshot with gitconfig 1`] = `
[
  <span
    className="progressLine"
  >
    
  </span>,
  <section
    className="pf-c-page__main-section"
  >
    <div
      className="pf-c-toolbar"
      data-ouia-component-id="OUIA-Generated-Toolbar-1"
      data-ouia-component-type="PF4/Toolbar"
      data-ouia-safe={true}
      id="pf-random-id-0"
      style={
        {
          "paddingBottom": 0,
        }
      }
    >
      <div
        className="pf-c-toolbar__content"
      >
        <div
          className="pf-c-toolbar__content-section"
        >
          <div
            className="pf-c-toolbar__item pf-m-align-right"
          >
            <button
              aria-disabled={false}
              aria-label={null}
              className="pf-c-button pf-m-link"
              data-ouia-component-id="OUIA-Generated-Button-link-1"
              data-ouia-component-type="PF4/Button"
              data-ouia-safe={true}
              disabled={false}
              onClick={[Function]}
              role={null}
              type="button"
            >
              <span
                className="pf-c-button__icon pf-m-start"
              >
                <svg
                  aria-hidden={true}
                  aria-labelledby={null}
                  fill="currentColor"
                  height="1em"
                  role="img"
                  style={
                    {
                      "verticalAlign": "-0.125em",
                    }
                  }
                  viewBox="0 0 512 512"
                  width="1em"
                >
                  <path
                    d="M256 8C119 8 8 119 8 256s111 248 248 248 248-111 248-248S393 8 256 8zm144 276c0 6.6-5.4 12-12 12h-92v92c0 6.6-5.4 12-12 12h-56c-6.6 0-12-5.4-12-12v-92h-92c-6.6 0-12-5.4-12-12v-56c0-6.6 5.4-12 12-12h92v-92c0-6.6 5.4-12 12-12h56c6.6 0 12 5.4 12 12v92h92c6.6 0 12 5.4 12 12v56z"
                  />
                </svg>
              </span>
              Import Git Configuration
            </button>
          </div>
        </div>
        <div
          className="pf-c-toolbar__expandable-content"
          id="pf-random-id-0-expandable-content-0"
        >
          <div
            className="pf-c-toolbar__group"
          />
        </div>
      </div>
      <div
        className="pf-c-toolbar__content pf-m-hidden"
        hidden={true}
      >
        <div
          className="pf-c-toolbar__group"
        />
      </div>
    </div>
    <div
      data-testid="git-config-form"
    >
      <span
        data-testid="is-loading"
      />
      <span
        data-testid="git-config"
      >
        {"user":{"name":"user","email":"user@che"}}
      </span>
      <button
        onClick={[Function]}
      >
        Save Config
      </button>
      <button
        onClick={[Function]}
      >
        Reload Config
      </button>
    </div>
  </section>,
]
`;

exports[`GitConfig snapshot with no gitconfig 1`] = `
[
  <span
    className="progressLine"
  >
    
  </span>,
  <div
    className="pf-c-empty-state pf-m-sm pf-m-full-height"
  >
    <div
      className="pf-c-empty-state__content"
    >
      <svg
        aria-hidden="true"
        aria-labelledby={null}
        className="pf-c-empty-state__icon"
        fill="currentColor"
        height="1em"
        role="img"
        style={
          {
            "verticalAlign": "-0.125em",
          }
        }
        viewBox="0 0 512 512"
        width="1em"
      >
        <path
          d="M487.4 315.7l-42.6-24.6c4.3-23.2 4.3-47 0-70.2l42.6-24.6c4.9-2.8 7.1-8.6 5.5-14-11.1-35.6-30-67.8-54.7-94.6-3.8-4.1-10-5.1-14.8-2.3L380.8 110c-17.9-15.4-38.5-27.3-60.8-35.1V25.8c0-5.6-3.9-10.5-9.4-11.7-36.7-8.2-74.3-7.8-109.2 0-5.5 1.2-9.4 6.1-9.4 11.7V75c-22.2 7.9-42.8 19.8-60.8 35.1L88.7 85.5c-4.9-2.8-11-1.9-14.8 2.3-24.7 26.7-43.6 58.9-54.7 94.6-1.7 5.4.6 11.2 5.5 14L67.3 221c-4.3 23.2-4.3 47 0 70.2l-42.6 24.6c-4.9 2.8-7.1 8.6-5.5 14 11.1 35.6 30 67.8 54.7 94.6 3.8 4.1 10 5.1 14.8 2.3l42.6-24.6c17.9 15.4 38.5 27.3 60.8 35.1v49.2c0 5.6 3.9 10.5 9.4 11.7 36.7 8.2 74.3 7.8 109.2 0 5.5-1.2 9.4-6.1 9.4-11.7v-49.2c22.2-7.9 42.8-19.8 60.8-35.1l42.6 24.6c4.9 2.8 11 1.9 14.8-2.3 24.7-26.7 43.6-58.9 54.7-94.6 1.5-5.5-.7-11.3-5.6-14.1zM256 336c-44.1 0-80-35.9-80-80s35.9-80 80-80 80 35.9 80 80-35.9 80-80 80z"
        />
      </svg>
      <h4
        className="pf-c-title pf-m-lg"
        data-ouia-component-id="OUIA-Generated-Title-1"
        data-ouia-component-type="PF4/Title"
        data-ouia-safe={true}
      >
        No gitconfig found
      </h4>
    </div>
  </div>,
]
`;
