// Jest Snapshot v1, https://goo.gl/fbAQLP

exports[`The LogsTab component should render empty state widget correctly 1`] = `
<div
  className="pf-c-empty-state"
  style={
    Object {
      "backgroundColor": "#f1f1f1",
    }
  }
>
  <div
    className="pf-c-empty-state__content"
  >
    <svg
      aria-hidden="true"
      aria-labelledby={null}
      className="pf-c-empty-state__icon"
      fill="currentColor"
      height="1em"
      role="img"
      style={
        Object {
          "verticalAlign": "-0.125em",
        }
      }
      viewBox="0 0 384 512"
      width="1em"
    >
      <path
        d="M224 136V0H24C10.7 0 0 10.7 0 24v464c0 13.3 10.7 24 24 24h336c13.3 0 24-10.7 24-24V160H248c-13.2 0-24-10.8-24-24zm160-14.1v6.1H256V0h6.1c6.4 0 12.5 2.5 17 7l97.9 98c4.5 4.5 7 10.6 7 16.9z"
      />
    </svg>
    <h4
      className="pf-c-title pf-m-lg"
    >
      No Logs to display
    </h4>
    <div
      className="pf-c-empty-state__body"
    >
      Logs will be displayed in a running workspace.
    </div>
  </div>
</div>
`;

exports[`The LogsTab component should render workspace-logs widget with logs inside correctly 1`] = `
<section
  className="pf-c-page__main-section pf-m-light"
>
  <div
    className=""
  >
    <div>
      <div
        className="pf-l-flex"
      >
        <div
          className=""
        >
          <a
            download="logs.txt"
            href="https://fake.blob.url"
          >
            <svg
              aria-hidden={true}
              aria-labelledby={null}
              fill="currentColor"
              height="1em"
              role="img"
              style={
                Object {
                  "verticalAlign": "-0.125em",
                }
              }
              viewBox="0 0 512 512"
              width="1em"
            >
              <path
                d="M216 0h80c13.3 0 24 10.7 24 24v168h87.7c17.8 0 26.7 21.5 14.1 34.1L269.7 378.3c-7.5 7.5-19.8 7.5-27.3 0L90.1 226.1c-12.6-12.6-3.7-34.1 14.1-34.1H192V24c0-13.3 10.7-24 24-24zm296 376v112c0 13.3-10.7 24-24 24H24c-13.3 0-24-10.7-24-24V376c0-13.3 10.7-24 24-24h146.7l49 49c20.1 20.1 52.5 20.1 72.6 0l49-49H488c13.3 0 24 10.7 24 24zm-124 88c0-11-9-20-20-20s-20 9-20 20 9 20 20 20 20-9 20-20zm64 0c0-11-9-20-20-20s-20 9-20 20 9 20 20 20 20-9 20-20z"
              />
            </svg>
            Download
          </a>
        </div>
        <hr
          className="pf-c-divider pf-m-vertical"
        />
        <div
          className=""
        >
          <button
            aria-disabled={false}
            aria-label={null}
            className="pf-c-button pf-m-link"
            data-ouia-component-id="OUIA-Generated-Button-link-2"
            data-ouia-component-type="PF4/Button"
            data-ouia-safe={true}
            disabled={false}
            onClick={[Function]}
            role={null}
            type="button"
          >
            <svg
              aria-hidden={true}
              aria-labelledby={null}
              fill="currentColor"
              height="1em"
              role="img"
              style={
                Object {
                  "verticalAlign": "-0.125em",
                }
              }
              viewBox="0 0 448 512"
              width="1em"
            >
              <path
                d="M0 180V56c0-13.3 10.7-24 24-24h124c6.6 0 12 5.4 12 12v40c0 6.6-5.4 12-12 12H64v84c0 6.6-5.4 12-12 12H12c-6.6 0-12-5.4-12-12zM288 44v40c0 6.6 5.4 12 12 12h84v84c0 6.6 5.4 12 12 12h40c6.6 0 12-5.4 12-12V56c0-13.3-10.7-24-24-24H300c-6.6 0-12 5.4-12 12zm148 276h-40c-6.6 0-12 5.4-12 12v84h-84c-6.6 0-12 5.4-12 12v40c0 6.6 5.4 12 12 12h124c13.3 0 24-10.7 24-24V332c0-6.6-5.4-12-12-12zM160 468v-40c0-6.6-5.4-12-12-12H64v-84c0-6.6-5.4-12-12-12H12c-6.6 0-12 5.4-12 12v124c0 13.3 10.7 24 24 24h124c6.6 0 12-5.4 12-12z"
              />
            </svg>
            Expand
          </button>
        </div>
      </div>
    </div>
    <div>
      <div>
        4
         lines
      </div>
      <pre>
        <p
          className=""
        >
          Pulling image "quay.io/eclipse/che-theia-endpoint-runtime-binary:next"
        </p>
        <p
          className=""
        >
          Successfully pulled image "quay.io/eclipse/che-theia-endpoint-runtime-binary:next"
        </p>
        <p
          className=""
        >
          Created container remote-runtime-injectorvpj
        </p>
        <p
          className=""
        >
          Started container remote-runtime-injectorvpj
        </p>
      </pre>
    </div>
  </div>
</section>
`;

exports[`The LogsTab component should render workspace-logs widget without logs correctly 1`] = `
<section
  className="pf-c-page__main-section pf-m-light"
>
  <div
    className=""
  >
    <div>
      <div
        className="pf-l-flex"
      >
        <div
          className=""
        >
          <a
            download="logs.txt"
            href="https://fake.blob.url"
          >
            <svg
              aria-hidden={true}
              aria-labelledby={null}
              fill="currentColor"
              height="1em"
              role="img"
              style={
                Object {
                  "verticalAlign": "-0.125em",
                }
              }
              viewBox="0 0 512 512"
              width="1em"
            >
              <path
                d="M216 0h80c13.3 0 24 10.7 24 24v168h87.7c17.8 0 26.7 21.5 14.1 34.1L269.7 378.3c-7.5 7.5-19.8 7.5-27.3 0L90.1 226.1c-12.6-12.6-3.7-34.1 14.1-34.1H192V24c0-13.3 10.7-24 24-24zm296 376v112c0 13.3-10.7 24-24 24H24c-13.3 0-24-10.7-24-24V376c0-13.3 10.7-24 24-24h146.7l49 49c20.1 20.1 52.5 20.1 72.6 0l49-49H488c13.3 0 24 10.7 24 24zm-124 88c0-11-9-20-20-20s-20 9-20 20 9 20 20 20 20-9 20-20zm64 0c0-11-9-20-20-20s-20 9-20 20 9 20 20 20 20-9 20-20z"
              />
            </svg>
            Download
          </a>
        </div>
        <hr
          className="pf-c-divider pf-m-vertical"
        />
        <div
          className=""
        >
          <button
            aria-disabled={false}
            aria-label={null}
            className="pf-c-button pf-m-link"
            data-ouia-component-id="OUIA-Generated-Button-link-1"
            data-ouia-component-type="PF4/Button"
            data-ouia-safe={true}
            disabled={false}
            onClick={[Function]}
            role={null}
            type="button"
          >
            <svg
              aria-hidden={true}
              aria-labelledby={null}
              fill="currentColor"
              height="1em"
              role="img"
              style={
                Object {
                  "verticalAlign": "-0.125em",
                }
              }
              viewBox="0 0 448 512"
              width="1em"
            >
              <path
                d="M0 180V56c0-13.3 10.7-24 24-24h124c6.6 0 12 5.4 12 12v40c0 6.6-5.4 12-12 12H64v84c0 6.6-5.4 12-12 12H12c-6.6 0-12-5.4-12-12zM288 44v40c0 6.6 5.4 12 12 12h84v84c0 6.6 5.4 12 12 12h40c6.6 0 12-5.4 12-12V56c0-13.3-10.7-24-24-24H300c-6.6 0-12 5.4-12 12zm148 276h-40c-6.6 0-12 5.4-12 12v84h-84c-6.6 0-12 5.4-12 12v40c0 6.6 5.4 12 12 12h124c13.3 0 24-10.7 24-24V332c0-6.6-5.4-12-12-12zM160 468v-40c0-6.6-5.4-12-12-12H64v-84c0-6.6-5.4-12-12-12H12c-6.6 0-12 5.4-12 12v124c0 13.3 10.7 24 24 24h124c6.6 0 12-5.4 12-12z"
              />
            </svg>
            Expand
          </button>
        </div>
      </div>
    </div>
    <div>
      <div>
        0
         lines
      </div>
      <pre />
    </div>
  </div>
</section>
`;
