// Jest Snapshot v1, https://goo.gl/fbAQLP

exports[`Delete Registries Modal should correctly render the closed modal component 1`] = `null`;
